// Jest Snapshot v1, https://goo.gl/fbAQLP

exports[`TEST: CustomMessage defaultProps, props and children are injected into the component 1`] = `
<message
  delay={0}
  json="{\\"wrappedProp\\":\\"wrappedPropV\\",\\"children\\":\\"body\\",\\"customTypeName\\":\\"test1\\"}"
  type="custom"
  typing={0}
  wrapperProp="wrapperPropV"
>
  <message
    delay={0}
    markdown={1}
    type="text"
    typing={0}
  >
    wrappedPropVbody
  </message>
</message>
`;
